../Core/Src/main.c:98:6:read_keypad	8	static
../Core/Src/main.c:223:7:getInput	24	static
../Core/Src/main.c:248:5:main	96	static
../Core/Src/main.c:332:6:SystemClock_Config	72	static
../Core/Src/main.c:372:13:MX_I2C2_Init	8	static
../Core/Src/main.c:406:13:MX_SPI2_Init	8	static
../Core/Src/main.c:444:13:MX_USART2_UART_Init	8	static
../Core/Src/main.c:477:13:MX_GPIO_Init	40	static
../Core/Src/main.c:515:6:update1	520	static
../Core/Src/main.c:574:6:StartRFID	16	static
../Core/Src/main.c:592:6:StartTask04	56	static
../Core/Src/main.c:616:6:Error_Handler	4	static,ignoring_inline_asm
